// Jest Snapshot v1, https://goo.gl/fbAQLP

exports[`renders correctly 1`] = `
<div
  className="calc-page"
>
  <div
    className="calc-header"
  >
    <h1>
      Lets do some math
    </h1>
  </div>
  <div
    className="calc-container"
  >
    <div
      className="calc-firstDisplay"
    >
      0
    </div>
    <div
      className="calc-Btns"
    >
      <div
        className="calc-greyBtns"
      >
        <div
          className="calc-greyBtn1"
        >
          <button
            className="calc-btn"
            onClick={[Function]}
            type="button"
          >
            AC
          </button>
          <button
            className="calc-btn"
            onClick={[Function]}
            type="button"
          >
            +/-
          </button>
          <button
            className="calc-btn"
            onClick={[Function]}
            type="button"
          >
            %
          </button>
          <button
            className="calc-btn"
            onClick={[Function]}
            type="button"
          >
            7
          </button>
          <button
            className="calc-btn"
            onClick={[Function]}
            type="button"
          >
            8
          </button>
          <button
            className="calc-btn"
            onClick={[Function]}
            type="button"
          >
            9
          </button>
          <button
            className="calc-btn"
            onClick={[Function]}
            type="button"
          >
            4
          </button>
          <button
            className="calc-btn"
            onClick={[Function]}
            type="button"
          >
            5
          </button>
          <button
            className="calc-btn"
            onClick={[Function]}
            type="button"
          >
            6
          </button>
          <button
            className="calc-btn"
            onClick={[Function]}
            type="button"
          >
            1
          </button>
          <button
            className="calc-btn"
            onClick={[Function]}
            type="button"
          >
            2
          </button>
          <button
            className="calc-btn"
            onClick={[Function]}
            type="button"
          >
            3
          </button>
        </div>
        <div
          className="calc-greyBtn2"
        >
          <button
            className="calc-btn"
            onClick={[Function]}
            type="button"
          >
            0
          </button>
          <button
            className="calc-btn"
            onClick={[Function]}
            type="button"
          >
            .
          </button>
        </div>
      </div>
      <div
        className="orange-btn"
      >
        <button
          className="calc-btn"
          onClick={[Function]}
          type="button"
        >
          /
        </button>
        <button
          className="calc-btn"
          onClick={[Function]}
          type="button"
        >
          *
        </button>
        <button
          className="calc-btn"
          onClick={[Function]}
          type="button"
        >
          -
        </button>
        <button
          className="calc-btn"
          onClick={[Function]}
          type="button"
        >
          +
        </button>
        <button
          className="calc-btn"
          onClick={[Function]}
          type="button"
        >
          =
        </button>
      </div>
    </div>
  </div>
</div>
`;
